[mado.az/menufef7.html]
[ajax.googleapis.com/ajax/libs/jquery/3.3.1/jquery.min.js]
[mado.az/style1bce.css]
[backblue.gif]
[fade.gif]
[index.html]
[mado.az/favicon/apple-touch-icon.png]
[mado.az/js/jquery-3.3.1.min1bce.js]
[mado.az/index.html]
[mado.az/js/main1bce.js]
[mado.az/favicon/favicon-32x32.png]
[mado.az/favicon/favicon-16x16.png]
[mado.az/restaurant.html]
[mado.az/menu5488.html]
[mado.az/menu5952.html]
[mado.az/menu/iftar-menyusufef7.html]
[mado.az/menu/special-menufef7.html]
[mado.az/menu/yenifef7.html]
[mado.az/menu/mealsfef7.html]
[mado.az/menu/sweetsfef7.html]
[mado.az/menu/ice-creamfef7.html]
[mado.az/menu/bakeryfef7.html]
[mado.az/menu/biznes-lanchfef7.html]
[mado.az/menu/drinksfef7.html]
[mado.az/menu/mangal-menufef7.html]
[mado.az/restaurantfef7.html]
[mado.az/restaurant/mado-fountain-square-41.html]
[mado.az/restaurant/mado-sabail-18.html]
[mado.az/restaurant/mado-28mall-40.html]
[mado.az/restaurant/mado-ganjlik-mall-42.html]
[mado.az/restaurant/mado-narimanov-27.html]
[mado.az/restaurant/mado-ahmedli-603fef7.html]
[mado.az/mado-azerbaijanfef7.html]
[mado.az/production-madofef7.html]
[mado.az/catering-madofef7.html]
[mado.az/newsfef7.html]
[mado.az/feedbackfef7.html]
[mado.az/vacancyfef7.html]
[mado.az/pics/384/1000/cat/Menu_page_cover_-_Menyuda_yeniler_1613131095.jpg]
[mado.az/pics/384/1000/cat/Menyuda_yeni_10_Quzu_tepsi_1662712978.jpg]
[mado.az/pics/384/1000/cat/yemek_1577027750.jpg]
[mado.az/pics/384/1000/cat/busienss-lunch_1579162818.jpg]
[mado.az/pics/384/1000/cat/shirniyyat_1577027833.jpg]
[mado.az/pics/384/1000/cat/dondurma_1577027945.jpg]
[mado.az/pics/384/1000/cat/firin_1578685123.jpg]
[mado.az/pics/384/1000/cat/ichkiler_1577027683.jpg]
[mado.az/menu/ushaq-menyusufef7.html]
[mado.az/pics/384/1000/cat/Menyuda_yeni_9_Uaq_menyusu_1623939350.jpg]
[mado.az/menu/ozelfef7.html]
[mado.az/menu/desserts-giftfef7.html]
[mado.az/restaurant/mado-ahmedli-603.html]
[mado.az/restaurant/mado-baku-mall-601.html]
[mado.az/feedback.html]
[mado.az/images/img27.jpg]
[mado.az/images/img28.jpg]
[mado.az/images/img29.jpg]
[mado.az/images/img30.jpg]
[mado.az/images/img31.jpg]
[mado.az/images/img32.jpg]
[mado.az/menufef7.html]
[mado.az/fonts/fa-solid-900.eot]
[mado.az/fonts/fa-solid-900d41d.eot]
[mado.az/fonts/fa-solid-900.woff2]
[mado.az/fonts/fa-solid-900.woff]
[mado.az/fonts/fa-solid-900.ttf]
[mado.az/fonts/fa-brands-400.eot]
[mado.az/fonts/fa-brands-400d41d.eot]
[mado.az/fonts/fa-brands-400.woff2]
[mado.az/fonts/fa-brands-400.woff]
[mado.az/fonts/fa-brands-400.ttf]
[mado.az/fonts/fa-regular-400.eot]
[mado.az/fonts/fa-regular-400d41d.eot]
[mado.az/fonts/fa-regular-400.woff2]
[mado.az/fonts/fa-regular-400.woff]
[mado.az/fonts/fa-regular-400.ttf]
[mado.az/fonts/icomoonab0f.eot]
[mado.az/fonts/icomoonab0f.ttf]
[mado.az/fonts/icomoonab0f.woff]
[mado.az/fonts/Lato-Light.ttf]
[mado.az/fonts/Lato-LightItalic.ttf]
[mado.az/fonts/Lato-Regular.ttf]
[mado.az/fonts/Lato-Italic.ttf]
[mado.az/fonts/Lato-Bold.ttf]
[mado.az/fonts/Lato-BoldItalic.ttf]
[mado.az/fonts/Lato-Black.ttf]
[mado.az/fonts/Lato-BlackItalic.ttf]
[mado.az/images/pattern02.png]
[mado.az/images/pattern01.png]
[mado.az/images/pattern03.png]
[mado.az/style1bce.css]
[mado.az/uploads/banner/257/slide_cover_39_Gorsel_Menyu_2023_2_1682424393.jpg]
[mado.az/uploads/banner/235/slide_cover_32_BL_2023_1677144398.jpg]
[mado.az/indexb698.html]
[mado.az/index060f.html]
[mado.az/uploads/banner/250/slide_cover_29_yeni_menyu_1672407562.jpg]
[mado.az/uploads/banner/248/slide_cover_27_MADO_7_Opening_1654935805.jpg]
[mado.az/uploads/banner/247/slide_cover_26_MADO_6_Opening_1653052029.jpg]
[mado.az/uploads/banner/238/slide_cover_13_sdl_paxlavalar_1625148490.jpg]
[mado.az/uploads/banner/236/slide_cover_12_yeni_piroqlarmz_1624370881.jpg]
[mado.az/menu/yeni/Kartoflu-koy-boreyi-471.html]
[mado.az/pics/270/274/product/471/KT_BREKLER_1612164714.jpg]
[mado.az/menu/yeni/Toyuq-Gobelek-Sousu-ile-479.html]
[mado.az/pics/270/274/product/479/TOYUQ_GBLK_SOUSU_L_1612356935.jpg]
[mado.az/menu/yeni/Toyuq-Qanad-Kababi-487.html]
[mado.az/pics/270/274/product/487/TOYUQ_QANAD_KABABI_1612356657.jpg]
[mado.az/menu/yeni/Shokoladli-ekler-507.html]
[mado.az/pics/270/274/product/507/A_OKOLADLI_EKLER_1612355525.jpg]
[mado.az/menu/yeni/Erikli-Piroq-575.html]
[mado.az/pics/270/274/product/575/rikli_Piroq_1_1624368617.jpg]
[mado.az/menu/yeni/Lahmacun-605.html]
[mado.az/pics/270/274/product/605/Sad_Lahmacun_1662730257.jpg]
[mado.az/menu/yeni/Adana-lahmacun-durum-612.html]
[mado.az/pics/270/274/product/612/Adana_Lahmacun_Drm_1662728763.jpg]
[mado.az/menu/yeni/Can-eti-bukme-acili-613.html]
[mado.az/pics/270/274/product/613/Can_ti_Bkm_Kabab_Acl_1662728494.jpg]
[mado.az/menu/yeni/Manqal-burger-619.html]
[mado.az/pics/270/274/product/619/Manqal_burger_1662808725.jpg]
[mado.az/menu/yeni.html]
[mado.az/menu/mangal-menu/Lahmacun-605.html]
[mado.az/menu/mangal-menu/Toyuq-Tepsi-Kabab-608.html]
[mado.az/pics/270/274/product/608/Toyuq_Tepsi_Kabab_1662723369.jpg]
[mado.az/menu/mangal-menu/Adana-lahmacun-durum-612.html]
[mado.az/menu/mangal-menu/Can-eti-bukme-acili-613.html]
[mado.az/menu/mangal-menu/Manqal-burger-619.html]
[mado.az/menu/mangal-menu.html]
[mado.az/menu/meals/Mado-Special-Pizza-122.html]
[mado.az/pics/270/274/product/122/mado-special-pizza_1577089917.jpg]
[mado.az/menu/meals/Aruqula-Salati-381.html]
[mado.az/pics/270/274/product/381/Araqula_salat_1672408467.jpg]
[mado.az/menu/meals/Toyuq-Qanadlari-Cheltik-Sousu-ile-415.html]
[mado.az/pics/270/274/product/415/27._Toyuq_Qanadlar_ltik_Sousu_il_1579347872.jpg]
[mado.az/menu/meals/Chop-Shish-Kofte-420.html]
[mado.az/pics/270/274/product/420/31._p_i_Kft_1579348473.jpg]
[mado.az/menu/meals/Lahmacun-605.html]
[mado.az/menu/meals/Toyuq-Tepsi-Kabab-608.html]
[mado.az/menu/meals/Can-eti-bukme-acili-613.html]
[mado.az/menu/meals/Manqal-burger-619.html]
[mado.az/menu/meals.html]
[mado.az/menu/biznes-lanch.html]
[mado.az/menu/sweets/Havuc-Dilim-Paxlava-130.html]
[mado.az/pics/270/274/product/130/Havu_dilim_paxlava_1673434321.jpg]
[mado.az/menu/sweets/Pendirli-Burma-Kadayif-163.html]
[mado.az/pics/270/274/product/163/pendirli_burma_kadayf_1577094656.jpg]
[mado.az/menu/sweets/Pendirli-Kunefe-164.html]
[mado.az/pics/270/274/product/164/pendirli_knefe_1577094716.jpg]
[mado.az/menu/sweets/Profiterol-185.html]
[mado.az/pics/270/274/product/185/protiferol_1577112978.jpg]
[mado.az/menu/sweets/Shokoladli-Sufle-202.html]
[mado.az/pics/270/274/product/202/okaladl_suffle_1577114749.jpg]
[mado.az/menu/sweets/Shokoladli-ekler-507.html]
[mado.az/menu/sweets/Erikli-Piroq-575.html]
[mado.az/menu/sweets.html]
[mado.az/menu/ice-cream/Uclu-Dondurma-196.html]
[mado.az/pics/270/274/product/196/l_dondurma_1577114820.jpg]
[mado.az/menu/ice-cream/Dondurmali-Irmik-Halvasi-200.html]
[mado.az/pics/270/274/product/200/dondurmal_irmk_halvas_1577114408.jpg]
[mado.az/menu/ice-cream/Fondue-236.html]
[mado.az/pics/270/274/product/236/fondue_1577114084.jpg]
[mado.az/menu/ice-cream.html]
[mado.az/menu/bakery/Chudu-335.html]
[mado.az/pics/270/274/product/335/udu_1578685920.jpg]
[mado.az/menu/bakery/zeytunlu-pogacha-338.html]
[mado.az/pics/270/274/product/338/Zeytunlu_poaa_1578686158.jpg]
[mado.az/menu/bakery/Achma-345.html]
[mado.az/pics/270/274/product/345/Sad_ama_1578686591.jpg]
[mado.az/menu/bakery/Pendirli-achma-346.html]
[mado.az/pics/270/274/product/346/Pendirli_ama_1578686644.jpg]
[mado.az/menu/bakery/kruasan-351.html]
[mado.az/pics/270/274/product/351/Sad_Kruasan_1578687179.jpg]
[mado.az/menu/bakery/marash-pendirli-su-boreyi-361.html]
[mado.az/pics/270/274/product/361/marash-pendirli-su-borek_1578689291.jpg]
[mado.az/menu/bakery/Kartoflu-koy-boreyi-471.html]
[mado.az/menu/bakery.html]
[mado.az/menu/drinks/Turk-Qehvesi-277.html]
[mado.az/pics/270/274/product/277/turkish-cofee_1577131789.jpg]
[mado.az/menu/drinks/Cappuccino-278.html]
[mado.az/pics/270/274/product/278/kofe-1_1577131731.jpg]
[mado.az/menu/drinks/Azerbaycan-Turk-Cayi-Armudu-Stekanda-307.html]
[mado.az/pics/270/274/product/307/chay_1577042015.jpg]
[mado.az/menu/drinks/Ekzotik-Isti-Icki-309.html]
[mado.az/pics/270/274/product/309/ekzotik-isti-iki_1577041820.jpg]
[mado.az/menu/drinks/Limonad-Limon-313.html]
[mado.az/pics/270/274/product/313/limonad_1577113879.jpg]
[mado.az/menu/drinks/Enenevi-Salep-316.html]
[mado.az/pics/270/274/product/316/nnvi_salep_1577041603.jpg]
[mado.az/menu/drinks.html]
[mado.az/menu/ushaq-menyusu/mini-burger-379.html]
[mado.az/pics/270/274/product/379/Mini-Burger_1579266861.jpg]
[mado.az/menu/ushaq-menyusu.html]
[mado.az/menu/ozel.html]
[mado.az/menu/special-menu.html]
[mado.az/menu/desserts-gift.html]
[mado.az/menu/iftar-menyusu.html]
[mado.az/pics/765/340/product/603/1_1654947924.jpg]
[mado.az/pics/765/340/product/42/genclik_1574056617.jpg]
[mado.az/pics/765/340/product/27/narimanov_1574056542.jpg]
[mado.az/pics/765/340/product/40/28mall_1574056564.jpg]
[mado.az/pics/765/340/product/18/sabail_1574056520.jpg]
[mado.az/pics/765/340/product/601/01_1653051889.jpg]
[mado.az/pics/765/340/product/41/tarqovu_1574056595.jpg]
[mado.az/news/MADO-Hediyye-Kartlari-44.html]
[mado.az/pics/310/310/product/44/intro_1574058815.jpg]
[mado.az/news/MADO-Sebail-shobemiz-temirden-sonra-43.html]
[mado.az/pics/310/310/product/43/intro1_1574058585.jpg]
[mado.az/news/MADO-Resotoranlar-shebekesi-yeni-menyusunu-teqdim-edir-45.html]
[mado.az/pics/310/310/product/45/intro_1574059051.jpg]
[mado.az/news/28-Mall-shobemiz-temirden-sonra-39.html]
[mado.az/pics/310/310/product/39/in_1574058333.jpg]
[mado.az/index.html]
[mado.az/favicon/site.html]
[mado.az/favicon/safari-pinned-tab.svg]
[mado.az/restaurantb698.html]
[mado.az/restaurant060f.html]
[mado.az/pics/494/1000/product/27/narimanov_1574056542.jpg]
[mado.az/pics/494/1000/product/601/01_1653051889.jpg]
[mado.az/pics/494/1000/product/41/tarqovu_1574056595.jpg]
[mado.az/pics/494/1000/product/603/1_1654947924.jpg]
[mado.az/pics/494/1000/product/42/genclik_1574056617.jpg]
[mado.az/pics/494/1000/product/40/28mall_1574056564.jpg]
[mado.az/pics/494/1000/product/18/sabail_1574056520.jpg]
[mado.az/restaurant.html]
[mado.az/menua696.html]
[mado.az/menuce56.html]
[mado.az/menu/iftar-menyusuce56.html]
[mado.az/menu/special-menuce56.html]
[mado.az/menu/yenice56.html]
[mado.az/menu/mealsce56.html]
[mado.az/menu/sweetsce56.html]
[mado.az/menu/ice-creamce56.html]
[mado.az/menu/bakeryce56.html]
[mado.az/menu/biznes-lanchce56.html]
[mado.az/menu/drinksce56.html]
[mado.az/menu/mangal-menuce56.html]
[mado.az/restaurantce56.html]
[mado.az/restaurant/mado-ahmedli-603ce56.html]
[mado.az/mado-azerbaijance56.html]
[mado.az/production-madoce56.html]
[mado.az/catering-madoce56.html]
[mado.az/newsce56.html]
[mado.az/feedbackce56.html]
[mado.az/vacancyce56.html]
[mado.az/menu/ushaq-menyusuce56.html]
[mado.az/menu/ozelce56.html]
[mado.az/menu/desserts-giftce56.html]
[mado.az/menu5488.html]
[mado.az/menu9201.html]
[mado.az/menu/iftar-menyusu9201.html]
[mado.az/menu/special-menu9201.html]
[mado.az/menu/yeni9201.html]
[mado.az/menu/meals9201.html]
[mado.az/menu/sweets9201.html]
[mado.az/menu/ice-cream9201.html]
[mado.az/menu/bakery9201.html]
[mado.az/menu/biznes-lanch9201.html]
[mado.az/menu/drinks9201.html]
[mado.az/menu/mangal-menu9201.html]
[mado.az/restaurant9201.html]
[mado.az/restaurant/mado-ahmedli-6039201.html]
[mado.az/mado-azerbaijan9201.html]
[mado.az/production-mado9201.html]
[mado.az/catering-mado9201.html]
[mado.az/news9201.html]
[mado.az/feedback9201.html]
[mado.az/vacancy9201.html]
[mado.az/menu/ushaq-menyusu9201.html]
[mado.az/menu/ozel9201.html]
[mado.az/menu/desserts-gift9201.html]
[mado.az/menu5952.html]
[mado.az/menu/js/jquery-3.3.1.min1bce.js]
[mado.az/menu/iftar-menyusu5488.html]
[mado.az/menu/iftar-menyusu5952.html]
[mado.az/menu.html]
[mado.az/menu/iftar-menyusu/Iftar-menyusu-toyuq-yemekleri-700fef7.html]
[mado.az/pics/259/259/product/700/2_1680008491.jpg]
[mado.az/menu/iftar-menyusu/Iftar-menyusu-et-yemekleri-701fef7.html]
[mado.az/pics/259/259/product/701/1_1680009419.jpg]
[mado.az/menu/meals/breakfastfef7.html]
[mado.az/menu/meals/soupsfef7.html]
[mado.az/menu/meals/saladsfef7.html]
[mado.az/menu/meals/sancksfef7.html]
[mado.az/menu/meals/hot-dishesfef7.html]
[mado.az/menu/meals/kababfef7.html]
[mado.az/menu/meals/burgers-sandwichesfef7.html]
[mado.az/menu/meals/pizzafef7.html]
[mado.az/menu/meals/pastafef7.html]
[mado.az/menu/meals/diyetikfef7.html]
[mado.az/menu/sweets/milk-sweetsfef7.html]
[mado.az/menu/sweets/hot-sweetsfef7.html]
[mado.az/menu/sweets/special-dessertsfef7.html]
[mado.az/menu/sweets/pakhlavafef7.html]
[mado.az/menu/sweets/cakesfef7.html]
[mado.az/menu/sweets/gurabiafef7.html]
[mado.az/menu/ice-cream/marash-ice-creamfef7.html]
[mado.az/menu/ice-cream/freezing-flavorsfef7.html]
[mado.az/menu/ice-cream/coupe-splitsfef7.html]
[mado.az/menu/ice-cream/ice-cream-assortmentfef7.html]
[mado.az/menu/drinks/coffeefef7.html]
[mado.az/menu/drinks/teafef7.html]
[mado.az/menu/drinks/milkshakefef7.html]
[mado.az/menu/drinks/frozen-drink-mixesfef7.html]
[mado.az/menu/drinks/natural-juicesfef7.html]
[mado.az/menu/drinks/other-drinksfef7.html]
[mado.az/menu/iftar-menyusufef7.html]
[mado.az/menu/special-menu5488.html]
[mado.az/menu/special-menu5952.html]
[mado.az/menu/special-menu/Miili-cay-675fef7.html]
[mado.az/pics/259/259/product/675/Milli_ay_1675345049.jpg]
[mado.az/menu/special-menu/Ciyelekli-kruasankapucino-702fef7.html]
[mado.az/pics/259/259/product/702/3_1680269227.jpg]
[mado.az/menu/special-menu/Meyveli-profitrol-703fef7.html]
[mado.az/pics/259/259/product/703/6_1680269538.jpg]
[mado.az/menu/special-menu/Ciyelekli-maqnoliya-704fef7.html]
[mado.az/pics/259/259/product/704/5_1680270036.jpg]
[mado.az/menu/special-menu/Kartoflu-bulka-705fef7.html]
[mado.az/pics/259/259/product/705/4_1680270226.jpg]
[mado.az/menu/special-menu/Ozel-durum-706fef7.html]
[mado.az/pics/259/259/product/706/2_1680270349.jpg]
[mado.az/menu/special-menu/Chicken-popcorn-707fef7.html]
[mado.az/pics/259/259/product/707/1_1680270432.jpg]
[mado.az/menu/special-menu/My-latte-708fef7.html]
[mado.az/pics/259/259/product/708/8_1680270564.jpg]
[mado.az/menu/special-menu/Freddo-ice-coffee-709fef7.html]
[mado.az/pics/259/259/product/709/7_1680270654.jpg]
[mado.az/menu/special-menufef7.html]
[mado.az/menu/yeni5488.html]
[mado.az/menu/yeni5952.html]
[mado.az/menu/yeni/Quzu-tike-kabab-BEL-469fef7.html]
[mado.az/pics/259/259/product/469/QUZU_TK_KABAB_BEL_1612164565.jpg]
[mado.az/menu/yeni/Kartoflu-koy-boreyi-471fef7.html]
[mado.az/pics/259/259/product/471/KT_BREKLER_1612164714.jpg]
[mado.az/menu/yeni/Ispanaqli-Koy-Boreyi-472fef7.html]
[mado.az/pics/259/259/product/472/KT_BREKLER_1612357272.jpg]
[mado.az/menu/yeni/Pendir-Tabagi-474fef7.html]
[mado.az/pics/259/259/product/474/PENDR_TABAI_1612357210.jpg]
[mado.az/menu/yeni/Lobya-Plov-Ashqara-ile-477fef7.html]
[mado.az/pics/259/259/product/477/LOBYA_PLOV_AQARA_L_1612357090.jpg]
[mado.az/menu/yeni/Shuyudlu-Plov-478fef7.html]
[mado.az/pics/259/259/product/478/YDL_PLOV_1612357063.jpg]
[mado.az/menu/yeni/Toyuq-Gobelek-Sousu-ile-479fef7.html]
[mado.az/pics/259/259/product/479/TOYUQ_GBLK_SOUSU_L_1612356935.jpg]
[mado.az/menu/yeni/Dietik-Terevez-Salati-481fef7.html]
[mado.az/pics/259/259/product/481/DETK_TRVZ_SALATI_1612356857.jpg]
[mado.az/menu/yeni/Dietik-Toyuq-Kesmikli-Qarabashaq-ile-482fef7.html]
[mado.az/pics/259/259/product/482/DETK_TOYUQ_KSMKL_QARABAAQ_L_1612356830.jpg]
[mado.az/menu/yeni/Toyuq-Qanad-Kababi-487fef7.html]
[mado.az/pics/259/259/product/487/TOYUQ_QANAD_KABABI_1612356657.jpg]
[mado.az/menu/yeni/Toyuq-Kababi-bud-dibi-488fef7.html]
[mado.az/pics/259/259/product/488/TOYUQ_KABABI_BUD_DB_1612356600.jpg]
[mado.az/menu/yeni/Lule-Kabab-489fef7.html]
[mado.az/pics/259/259/product/489/LL_KABAB_1612961473.jpg]
[mado.az/menu/yeni/Kasharli-Manqal-Durum-493fef7.html]
[mado.az/pics/259/259/product/493/KAARLI_MANQAL_DRM_1612356368.jpg]
[mado.az/menu/yeni/Club-Sendvic-Set-494fef7.html]
[mado.az/pics/259/259/product/494/TOYUQ_SENDV_SET_1624003225.jpg]
[mado.az/menu/yeni/Toyuq-Sendvic-Set-495fef7.html]
[mado.az/pics/259/259/product/495/CLUB_SENDV_SET_1624003185.jpg]
[mado.az/menu/yeni/Ice-Cream-Boom-496fef7.html]
[mado.az/pics/259/259/product/496/ICE-CREAM_BOOM_1612356200.jpg]
[mado.az/menu/yeni/Qizardilmish-Dondurma-497fef7.html]
[mado.az/pics/259/259/product/497/QIZARDILMI_DONDURMA_1612356165.jpg]
[mado.az/menu/yeni/Boxca-Krep-500fef7.html]
[mado.az/pics/259/259/product/500/BOXA_KREP_1612355942.jpg]
[mado.az/menu/yeni/Special-Krep-501fef7.html]
[mado.az/pics/259/259/product/501/SPECIAL_KREP_1612355898.jpg]
[mado.az/menu/yeni/Ag-Shokoladli-Ekler-506fef7.html]
[mado.az/pics/259/259/product/506/A_OKOLADLI_EKLER_1612355567.jpg]
[mado.az/menu/yeni/Shokoladli-ekler-507fef7.html]
[mado.az/pics/259/259/product/507/A_OKOLADLI_EKLER_1612355525.jpg]
[mado.az/menu/yeni/Qaragatli-Cheesecake-508fef7.html]
[mado.az/pics/259/259/product/508/Qaraatl_izkeyk_1671698077.jpg]
[mado.az/menu/yeni/Kesmikli-Firin-Cheesecake-509fef7.html]
[mado.az/pics/259/259/product/509/KSMKL_FIRIN_CHEESECAKE_1612355400.jpg]
[mado.az/menu/yeni/Ciyelekli-Tart-514fef7.html]
[mado.az/pics/259/259/product/514/iylkli_tart_1672407953.jpg]
[mado.az/menu/yeni/Alma-ve-Darcinli-Ihlamur-Cayi-522fef7.html]
[mado.az/pics/259/259/product/522/ALMA__DARINLI_HLAMUR_AYI_1612354786.jpg]
[mado.az/menu/yeni/Azerbaycan-Cayi-Zeferan-ile-526fef7.html]
[mado.az/pics/259/259/product/526/AZRBAYCAN_AYI_ZFRAN_L_1612354500.jpg]
[mado.az/menu/yeni/Zeferan-Cayi-527fef7.html]
[mado.az/pics/259/259/product/527/ZFRAN_AYI_1612354477.jpg]
[mado.az/menu/yeni/Pumpkin-Spice-Latte-528fef7.html]
[mado.az/pics/259/259/product/528/Pumpkin_spice_latte_1672146531.jpg]
[mado.az/menu/yeni/Quzu-pirzola-534fef7.html]
[mado.az/pics/259/259/product/534/QUZU_PRZOLA_1612945547.jpg]
[mado.az/menu/yeni/Quzu-tike-kabab-536fef7.html]
[mado.az/pics/259/259/product/536/QUZU_TK_KABAB_1612961323.jpg]
[mado.az/menu/yenif85f.html]
[mado.az/menu/yenifef7.html]
[mado.az/menu/meals5488.html]
[mado.az/menu/meals5952.html]
[mado.az/menu/meals/Mado-Klassik-Seher-Yemeyi-5fef7.html]
[mado.az/pics/259/259/product/5/mado-kalssik-seher-yemeyi_1574007804.jpg]
[mado.az/menu/meals/Isti-Seher-Yemeyi-7fef7.html]
[mado.az/pics/259/259/product/7/isti-shr-yemyi_1574007167.jpg]
[mado.az/menu/meals/Ingilis-Seher-Yemeyi-8fef7.html]
[mado.az/pics/259/259/product/8/ingilis-seher-yemeyi_1574066204.jpg]
[mado.az/menu/meals/Suretli-Seher-Yemeyi-9fef7.html]
[mado.az/pics/259/259/product/9/srtli_shr_yemyi_1663140482.jpg]
[mado.az/menu/meals/Enenevi-Kend-Seher-Yemeyi-Sucuqlu-Yumurta-ile-12fef7.html]
[mado.az/pics/259/259/product/12/enenevi-kend-seher-yemeyi-1_1574066460.jpg]
[mado.az/menu/meals/Enenevi-Kend-Seher-Yemeyi-Menemen-ile-13fef7.html]
[mado.az/pics/259/259/product/13/enenevi-kend-seher-yemeyi-3_1574066481.jpg]
[mado.az/menu/meals/Milli-Seher-Yemeyi-15fef7.html]
[mado.az/pics/259/259/product/15/milli-seher-yemeyi_1574007994.jpg]
[mado.az/menu/meals/Ag-pendir-16fef7.html]
[mado.az/pics/259/259/product/16/a_pendir_1577029294.jpg]
[mado.az/menu/meals/Siqara-boreyi-47fef7.html]
[mado.az/pics/259/259/product/47/siqara_breyi_1577029363.jpg]
[mado.az/menu/meals/Steyk-Salat-48fef7.html]
[mado.az/pics/259/259/product/48/Steyk_salat_1672408405.jpg]
[mado.az/menu/meals/Qizardilmish-hellim-pendiri-49fef7.html]
[mado.az/pics/259/259/product/49/qzardlm_helim_pendiri_1577029398.jpg]
[mado.az/menu/meals/Kashar-Pendirli-50fef7.html]
[mado.az/pics/259/259/product/50/Kaar-Pendirli-Omlet-2_1580661890.jpg]
[mado.az/menu/meals/Tavada-Sucuqlu-Yumurta-51fef7.html]
[mado.az/pics/259/259/product/51/dordlu-seher-yemeyi-2_1577029757.jpg]
[mado.az/menu/meals/Kashar-Pendirli-Menemen-53fef7.html]
[mado.az/pics/259/259/product/53/menemen_Kaar_Pendirli_1577036932.jpg]
[mado.az/menu/meals/Pomidor-xiyar-salati-54fef7.html]
[mado.az/pics/259/259/product/54/pomidor-xiyar_salat_1577030009.jpg]
[mado.az/menu/meals/Sucuqlu-Menemen-57fef7.html]
[mado.az/pics/259/259/product/57/menemen_sucuklu_1577036983.jpg]
[mado.az/menu/meals/Pomidor-Yumurta-59fef7.html]
[mado.az/pics/259/259/product/59/pomidor-yumurta_1577030806.jpg]
[mado.az/menu/meals/Ag-Pendirli-Omlet-60fef7.html]
[mado.az/pics/259/259/product/60/A_Pendirli_Omlet_1577036760.jpg]
[mado.az/menu/meals/Tavada-Yumurta-61fef7.html]
[mado.az/pics/259/259/product/61/tavada-yumurta_1577037310.jpg]
[mado.az/menu/meals/Horgu-pendiri-62fef7.html]
[mado.az/pics/259/259/product/62/hrg_pendiri_1577031206.jpg]
[mado.az/menu/meals/Qarishiq-Omlet-63fef7.html]
[mado.az/pics/259/259/product/63/Qarq_omlet_1577036884.jpg]
[mado.az/menu/meals/Kashar-pendiri-65fef7.html]
[mado.az/pics/259/259/product/65/Kaa_pendiri_1577031330.jpg]
[mado.az/menu/meals/Keci-pendiri-66fef7.html]
[mado.az/pics/259/259/product/66/kei_pendiri_1577031375.jpg]
[mado.az/menu/meals/Qara-zeytun-67fef7.html]
[mado.az/pics/259/259/product/67/qara_yal_zeytun_1577031406.jpg]
[mado.az/menu/meals/yashil-zeytun-68fef7.html]
[mado.az/pics/259/259/product/68/qara_yal_zeytun_1577031463.jpg]
[mado.az/menu/meals/Menemen-69fef7.html]
[mado.az/pics/259/259/product/69/menemen2_1577037065.jpg]
[mado.az/menu/meals/Kere-yagi-72fef7.html]
[mado.az/pics/259/259/product/72/kr_ya_1577031647.jpg]
[mado.az/menu/meals/Qaymaq-73fef7.html]
[mado.az/pics/259/259/product/73/qaymaq_1577029284.jpg]
[mado.az/menu/meals/Bal-74fef7.html]
[mado.az/pics/259/259/product/74/bal_1577031678.jpg]
[mado.az/menu/meals/Toyuq-Salati-77fef7.html]
[mado.az/pics/259/259/product/77/Toyuq_salat_1672408375.jpg]
[mado.az/menu/mealsf85f.html]
[mado.az/menu/mealsfef7.html]
[mado.az/menu/sweets5488.html]
[mado.az/menu/sweets5952.html]
[mado.az/menu/sweets/Havuc-Dilim-Paxlava-130fef7.html]
[mado.az/pics/259/259/product/130/Havu_dilim_paxlava_1673434321.jpg]
[mado.az/menu/sweets/Karamelli-Tort-150fef7.html]
[mado.az/pics/259/259/product/150/Karamelli_tort_1671714821.jpg]
[mado.az/menu/sweets/Limonlu-Cizkeyk-152fef7.html]
[mado.az/pics/259/259/product/152/Limonlu_izkeyk_1673510582.jpg]
[mado.az/menu/sweets/Tiramisu-Saviordi-154fef7.html]
[mado.az/pics/259/259/product/154/Tiramisu_Saviordi_1577093044.jpg]
[mado.az/menu/sweets/Balli-Tort-155fef7.html]
[mado.az/pics/259/259/product/155/ball_1577092257.jpg]
[mado.az/menu/sweets/Shokoladli-Tort-158fef7.html]
[mado.az/pics/259/259/product/158/okoladl_tort_1672408248.jpg]
[mado.az/menu/sweets/Bananli-Shokoladli-Tort-159fef7.html]
[mado.az/pics/259/259/product/159/Bananl_okoladl_tort_1672408228.jpg]
[mado.az/menu/sweets/Shokoladli-Truffel-160fef7.html]
[mado.az/pics/259/259/product/160/OKOLADLI_TRUFFEL_1633939483.jpg]
[mado.az/menu/sweets/Balli-Katmer-161fef7.html]
[mado.az/pics/259/259/product/161/ball_katmer_1577094293.jpg]
[mado.az/menu/sweets/Fistiqli-Qaymaqli-Burma-Kadayif-162fef7.html]
[mado.az/pics/259/259/product/162/fstql_qaymaql_burma_kadayf_1577094547.jpg]
[mado.az/menu/sweets/Pendirli-Burma-Kadayif-163fef7.html]
[mado.az/pics/259/259/product/163/pendirli_burma_kadayf_1577094656.jpg]
[mado.az/menu/sweets/Pendirli-Kunefe-164fef7.html]
[mado.az/pics/259/259/product/164/pendirli_knefe_1577094716.jpg]
[mado.az/menu/sweets/Fistiqli-Qaymaqli-Kunefe-165fef7.html]
[mado.az/pics/259/259/product/165/fstql-qaymaql-knf-2_1580661995.jpg]
[mado.az/menu/sweets/Coco-170fef7.html]
[mado.az/pics/259/259/product/170/coco_2_1577129487.jpg]
[mado.az/menu/sweets/Rafaello-171fef7.html]
[mado.az/pics/259/259/product/171/rafello_1577130056.jpg]
[mado.az/menu/sweets/Almali-Darcinli-Qurabiye-172fef7.html]
[mado.az/pics/259/259/product/172/almal_darnl_1577129025.jpg]
